[2025-08-20 13:46:31]
Sync = File
Changes = 1
Direction = ServerToClient
File = Ecommerce-Password.txt

[2025-08-20 14:10:27]
Sync = File
Changes = 0
Direction = ServerToClient

[2025-08-20 14:10:27]
Sync = File
Changes = 0
Direction = ClientToServer

[2025-08-20 14:15:49]
Sync = File
Changes = 0
Direction = ServerToClient

[2025-08-20 14:15:49]
Sync = File
Changes = 0
Direction = ClientToServer

[2025-08-20 14:16:13]
Sync = File
Changes = 0
Direction = ServerToClient

[2025-08-20 14:16:13]
Sync = File
Changes = 0
Direction = ClientToServer

[2025-08-20 14:17:14]
Sync = File
Changes = 0
Direction = ServerToClient

[2025-08-20 14:17:14]
Sync = File
Changes = 0
Direction = ClientToServer

[2025-08-20 14:18:15]
Sync = File
Changes = 0
Direction = ServerToClient

[2025-08-20 14:18:15]
Sync = File
Changes = 0
Direction = ClientToServer

[2025-08-20 14:19:16]
Sync = File
Changes = 0
Direction = ServerToClient

[2025-08-20 14:19:16]
Sync = File
Changes = 0
Direction = ClientToServer

[2025-08-20 14:20:18]
Sync = File
Changes = 0
Direction = ServerToClient

[2025-08-20 14:20:18]
Sync = File
Changes = 0
Direction = ClientToServer

[2025-08-20 14:21:00]
Sync = File
Changes = 0
Direction = ServerToClient

[2025-08-20 14:21:00]
Sync = File
Changes = 0
Direction = ClientToServer

[2025-08-20 14:21:03]
Sync = File
Changes = 0
Direction = ServerToClient

[2025-08-20 14:21:03]
Sync = File
Changes = 0
Direction = ClientToServer

[2025-08-20 14:21:46]
Sync = File
Changes = 10
Direction = ServerToClient

[2025-08-20 14:21:46]
Sync = File
Changes = 1
Direction = ClientToServer

[2025-08-20 14:23:33]
Sync = File
Changes = 0
Direction = ServerToClient

[2025-08-20 14:23:33]
Sync = File
Changes = 0
Direction = ClientToServer

