[2025-08-20 15:50:22]
Sync = File
Changes = 1
Direction = ServerToClient

[2025-08-20 15:50:22]
Sync = File
Changes = 0
Direction = ClientToServer

[2025-08-20 15:50:38]
Sync = File
Changes = 0
Direction = ServerToClient

[2025-08-20 15:50:38]
Sync = File
Changes = 0
Direction = ClientToServer

[2025-08-22 16:04:55]
Sync = File
Changes = 0
Direction = Pulled:0/Pushed:0

[2025-08-22 16:05:24]
Sync = File
Changes = 0
Direction = Pulled:0/Pushed:0

[2025-08-22 16:06:26]
Sync = File
Changes = 0
Direction = Pulled:0/Pushed:0

[2025-08-22 16:07:28]
Sync = File
Changes = 0
Direction = Pulled:0/Pushed:0

[2025-08-22 16:08:30]
Sync = File
Changes = 0
Direction = Pulled:0/Pushed:0

[2025-08-22 16:09:32]
Sync = File
Changes = 0
Direction = Pulled:0/Pushed:0

[2025-08-22 16:10:34]
Sync = File
Changes = 0
Direction = Pulled:0/Pushed:0

[2025-08-22 16:11:36]
Sync = File
Changes = 0
Direction = Pulled:0/Pushed:0

[2025-08-22 16:12:38]
Sync = File
Changes = 0
Direction = Pulled:0/Pushed:0

[2025-08-22 16:12:55]
Sync = File
Changes = 0
Direction = Pulled:0/Pushed:0

[2025-08-22 16:13:06]
Sync = File
Changes = 0
Direction = Pulled:0/Pushed:0

[2025-08-22 16:18:07]
Sync = File
Changes = 0
Direction = Pulled:0/Pushed:0

[2025-08-22 16:18:25]
Sync = File
Changes = 0
Direction = Pulled:0/Pushed:0

[2025-08-22 16:19:27]
Sync = File
Changes = 0
Direction = Pulled:0/Pushed:0

[2025-08-22 16:20:29]
Sync = File
Changes = 0
Direction = Pulled:0/Pushed:0

[2025-08-22 16:20:35]
Sync = File
Changes = 0
Direction = Pulled:0/Pushed:0

[2025-08-22 16:20:39]
Sync = File
Changes = 0
Direction = Pulled:0/Pushed:0

[2025-08-22 16:21:14]
Sync = File
Changes = 0
Direction = Pulled:0/Pushed:0

[2025-08-22 16:21:33]
Sync = File
Changes = 0
Direction = Pulled:0/Pushed:0

[2025-08-22 16:22:34]
Sync = File
Changes = 0
Direction = Pulled:0/Pushed:0

[2025-08-22 16:23:41]
Sync = File
Changes = 0
Direction = Pulled:0/Pushed:0

